scripts/kconfig/conf -s Config.in
#
# using defaults found in .config
#
  SPLIT   include/autoconf.h -> include/config/*
  GEN     include/bbconfigopts.h
  HOSTCC  applets/usage
  GEN     include/usage_compressed.h
  HOSTCC  applets/applet_tables
  GEN     include/applet_tables.h
  CC      applets/applets.o
  LD      applets/built-in.o
  HOSTCC  applets/usage_pod
  CC      libbb/appletlib.o
  AR      libbb/lib.a
  LINK    busybox_unstripped
Trying libraries: crypt m
 Library crypt is needed, can't exclude it (yet)
 Library m is not needed, excluding it
 Library crypt is needed, can't exclude it (yet)
Final link with: crypt
  DOC     busybox.pod
  DOC     BusyBox.txt
  DOC     busybox.1
  DOC     BusyBox.html
scripts/kconfig/conf --silentoldconfig Kconfig
  CHK     include/config/kernel.release
  CHK     include/generated/uapi/linux/version.h
  CHK     include/generated/utsrelease.h
make[1]: `include/generated/mach-types.h' is up to date.
  CALL    scripts/checksyscalls.sh
  GEN     usr/initramfs_data.cpio.gz
  CHK     include/generated/compile.h
  AS      usr/initramfs_data.o
  LD      usr/built-in.o
  GZIP    kernel/config_data.gz
  CHK     kernel/config_data.h
  LINK    vmlinux
  LD      vmlinux.o
  MODPOST vmlinux.o
  GEN     .version
  CHK     include/generated/compile.h
  UPD     include/generated/compile.h
  CC      init/version.o
  LD      init/built-in.o
  KSYM    .tmp_kallsyms1.o
  KSYM    .tmp_kallsyms2.o
  LD      vmlinux
  SORTEX  vmlinux
  SYSMAP  System.map
  OBJCOPY arch/arm/boot/Image
  Kernel: arch/arm/boot/Image is ready
  GZIP    arch/arm/boot/compressed/piggy.gzip
  AS      arch/arm/boot/compressed/piggy.gzip.o
  LD      arch/arm/boot/compressed/vmlinux
  OBJCOPY arch/arm/boot/zImage
  Kernel: arch/arm/boot/zImage is ready
Booting Linux on physical CPU 0x0
Initializing cgroup subsys cpuset
Linux version 3.17.1 (tobruens@homer) (gcc version 4.9.1 (Buildroot 2014.11-git-00889-g525a94a) ) #26 SMP Tue Nov 11 14:33:54 CET 2014
CPU: ARMv7 Processor [410fc090] revision 0 (ARMv7), cr=10c5387d
CPU: PIPT / VIPT nonaliasing data cache, VIPT aliasing instruction cache
Machine: ARM-Versatile Express
Memory policy: Data cache writeback
CPU: All CPU(s) started in SVC mode.
sched_clock: 32 bits at 24MHz, resolution 41ns, wraps every 178956969942ns
PERCPU: Embedded 5 pages/cpu @87eef000 s7552 r0 d12928 u32768
Built 1 zonelists in Zone order, mobility grouping on.  Total pages: 32512
Kernel command line: console=ttyAMA0
PID hash table entries: 512 (order: -1, 2048 bytes)
Dentry cache hash table entries: 16384 (order: 4, 65536 bytes)
Inode-cache hash table entries: 8192 (order: 3, 32768 bytes)
Memory: 123356K/131072K available (4653K kernel code, 191K rwdata, 964K rodata, 563K init, 150K bss, 7716K reserved)
Virtual kernel memory layout:
    vector  : 0xffff0000 - 0xffff1000   (   4 kB)
    fixmap  : 0xffc00000 - 0xffe00000   (2048 kB)
    vmalloc : 0x88800000 - 0xff000000   (1896 MB)
    lowmem  : 0x80000000 - 0x88000000   ( 128 MB)
      .text : 0x80008000 - 0x805846ac   (5618 kB)
      .init : 0x80585000 - 0x80611d80   ( 564 kB)
      .data : 0x80612000 - 0x80641f60   ( 192 kB)
       .bss : 0x80641f60 - 0x806679ec   ( 151 kB)
SLUB: HWalign=64, Order=0-3, MinObjects=0, CPUs=1, Nodes=1
Hierarchical RCU implementation.
	RCU restricting CPUs from NR_CPUS=8 to nr_cpu_ids=1.
RCU: Adjusting geometry for rcu_fanout_leaf=16, nr_cpu_ids=1
NR_IRQS:16 nr_irqs:16 16
GIC CPU mask not found - kernel will fail to boot.
GIC CPU mask not found - kernel will fail to boot.
smp_twd: clock not found -2
L2C: DT/platform modifies aux control register: 0x02020000 -> 0x02420000
L2C-310 enabling early BRESP for Cortex-A9
L2C-310 full line of zeros enabled for Cortex-A9
L2C-310 dynamic clock gating disabled, standby mode disabled
L2C-310 cache controller enabled, 8 ways, 128 kB
L2C-310: CACHE_ID 0x410000c8, AUX_CTRL 0x46420001
Console: colour dummy device 80x30
Calibrating local timer... 93.59MHz.
Calibrating delay loop... 393.21 BogoMIPS (lpj=1966080)
pid_max: default: 32768 minimum: 301
Mount-cache hash table entries: 1024 (order: 0, 4096 bytes)
Mountpoint-cache hash table entries: 1024 (order: 0, 4096 bytes)
CPU: Testing write buffer coherency: ok
missing device node for CPU 0
CPU0: thread -1, cpu 0, socket 0, mpidr 80000000
Setting up static identity map for 0x6046e118 - 0x6046e170
Brought up 1 CPUs
SMP: Total of 1 processors activated.
CPU: All CPU(s) started in SVC mode.
devtmpfs: initialized
VFP support v0.3: implementor 41 architecture 3 part 30 variant 9 rev 0
regulator-dummy: no parameters
NET: Registered protocol family 16
DMA: preallocated 256 KiB pool for atomic coherent allocations
cpuidle: using governor ladder
cpuidle: using governor menu
hw-breakpoint: debug architecture 0x0 unsupported.
Serial: AMBA PL011 UART driver
mb:uart0: ttyAMA0 at MMIO 0x10009000 (irq = 37, base_baud = 0) is a PL011 rev1
console [ttyAMA0] enabled
mb:uart1: ttyAMA1 at MMIO 0x1000a000 (irq = 38, base_baud = 0) is a PL011 rev1
mb:uart2: ttyAMA2 at MMIO 0x1000b000 (irq = 39, base_baud = 0) is a PL011 rev1
mb:uart3: ttyAMA3 at MMIO 0x1000c000 (irq = 40, base_baud = 0) is a PL011 rev1
fixed-dummy: no parameters
SCSI subsystem initialized
usbcore: registered new interface driver usbfs
usbcore: registered new interface driver hub
usbcore: registered new device driver usb
Advanced Linux Sound Architecture Driver Initialized.
Switched to clocksource v2m-timer1
NET: Registered protocol family 2
TCP established hash table entries: 1024 (order: 0, 4096 bytes)
TCP bind hash table entries: 1024 (order: 1, 8192 bytes)
TCP: Hash tables configured (established 1024 bind 1024)
TCP: reno registered
UDP hash table entries: 256 (order: 1, 8192 bytes)
UDP-Lite hash table entries: 256 (order: 1, 8192 bytes)
NET: Registered protocol family 1
RPC: Registered named UNIX socket transport module.
RPC: Registered udp transport module.
RPC: Registered tcp transport module.
RPC: Registered tcp NFSv4.1 backchannel transport module.
CPU PMU: probing PMU on CPU 0
hw perfevents: enabled with armv7_cortex_a9 PMU driver, 1 counters available
futex hash table entries: 256 (order: 2, 16384 bytes)
squashfs: version 4.0 (2009/01/31) Phillip Lougher
jffs2: version 2.2. (NAND) Â© 2001-2006 Red Hat, Inc.
9p: Installing v9fs 9p2000 file system support
msgmni has been set to 240
io scheduler noop registered (default)
clcd-pl11x ct:clcd: PL111 rev2 at 0x10020000
clcd-pl11x ct:clcd: CT-CA9X4 hardware, XVGA display
Console: switching to colour frame buffer device 128x48
physmap platform flash device: 04000000 at 40000000
physmap-flash: Found 2 x16 devices at 0x0 in 32-bit bank. Manufacturer ID 0x000000 Chip ID 0x000000
Intel/Sharp Extended Query Table at 0x0031
Using buffer write method
physmap platform flash device: 04000000 at 44000000
physmap-flash: Found 2 x16 devices at 0x0 in 32-bit bank. Manufacturer ID 0x000000 Chip ID 0x000000
Intel/Sharp Extended Query Table at 0x0031
Using buffer write method
Concatenating MTD devices:
(0): "physmap-flash"
(1): "physmap-flash"
into device "physmap-flash"
libphy: smsc911x-mdio: probed
smsc911x smsc911x eth0: attached PHY driver [Generic PHY] (mii_bus:phy_addr=smsc911x-fffffff:01, irq=-1)
smsc911x smsc911x eth0: MAC Address: 00:11:25:23:42:55
isp1760 isp1760: NXP ISP1760 USB Host Controller
isp1760 isp1760: new USB bus registered, assigned bus number 1
isp1760 isp1760: Scratch test failed.
isp1760 isp1760: can't setup: -19
isp1760 isp1760: USB bus 1 deregistered
isp1760: Failed to register the HCD device
usbcore: registered new interface driver usb-storage
mousedev: PS/2 mouse device common for all mice
rtc-pl031 mb:rtc: rtc core: registered pl031 as rtc0
mmci-pl18x mb:mmci: mmc0: PL181 manf 41 rev0 at 0x10005000 irq 41,42 (pio)
ledtrig-cpu: registered to indicate activity on CPUs
usbcore: registered new interface driver usbhid
usbhid: USB HID core driver
aaci-pl041 mb:aaci: ARM AC'97 Interface PL041 rev0 at 0x10004000, irq 43
aaci-pl041 mb:aaci: FIFO 512 entries
oprofile: using arm/armv7-ca9
TCP: cubic registered
NET: Registered protocol family 17
9pnet: Installing 9P2000 support
Registering SWP/SWPB emulation handler
input: AT Raw Set 2 keyboard as /devices/mb:kmi0/serio0/input/input0
rtc-pl031 mb:rtc: setting system clock to 2014-11-11 13:34:11 UTC (1415712851)
ALSA device list:
  #0: ARM AC'97 Interface PL041 rev0 at 0x10004000, irq 43
 Freeing unused kernel memory: 560K (80585000 - 80611000)
ln: /bin/ln: File exists
input: ImExPS/2 Generic Explorer Mouse as /devices/mb:kmi1/serio1/input/input2
ln: /bin/sh: File exists
Mounting Stuff
sh: can't execute 'mont': No such file or directory
mount: can't read '/etc/fstab': No such file or directory
Starting mdev
mdev: /sys/class: No such file or directory
Hello user!
Uptime:2
Total RAM: 126889984
Free RAM: 120737792
Process count: 29
Page size: 4096Byte
smsc911x smsc911x eth0: SMSC911x/921x identified at 0x88a40000, IRQ: 47
udhcpc (v1.22.1) started
Sending discover...
Sending discover...
Sending select for 192.168.29.179...
Lease of 192.168.29.179 obtained, lease time 259200
deleting routers
route: SIOCDELRT: No such process
sh: can't open '/etc/udhcpc/resolv.conf': No such file or directory
adding dns 192.168.29.1
sh: can't open '/etc/udhcpc/resolv.conf': No such file or directory
/ # 
/ # cweewfwfwfwfwef